chapter,in,metadataTags,out,storyline-importance
logo,0,"{""Speaker"":[""Rosana Prada""],""segment"":"""",""topics.primary"":""intro"",""topics.secondary"":"""",""topics.shot"":""intro"",""topics.subject"":""sting"",""warnings.predation"":false,""warnings.procreation"":false,""warnings.threat"":false}",167,10
chapter001,168,"{""Speaker"":[""Rosana Prada""],""segment"":"""",""topics.primary"":""intro"",""topics.secondary"":"""",""topics.shot"":""Rosanna"",""topics.subject"":""intro"",""warnings.predation"":false,""warnings.procreation"":false,""warnings.threat"":false}",492,3
chapter001,493,"{""Speaker"":[""Elfed Howell""],""segment"":"""",""topics.primary"":""intro"",""topics.secondary"":"""",""topics.shot"":""Elfed"",""topics.subject"":""intro"",""warnings.predation"":false,""warnings.procreation"":false,""warnings.threat"":false}",689,10
chapter001,690,"{""Speaker"":[""Elfed Howell""],""segment"":"""",""topics.primary"":""intro"",""topics.secondary"":"""",""topics.shot"":""Elfed"",""topics.subject"":""intro"",""warnings.predation"":false,""warnings.procreation"":false,""warnings.threat"":false}",756,3
chapter001,757,"{""Speaker"":[""Werner Bleisteiner""],""segment"":"""",""topics.primary"":""intro"",""topics.secondary"":"""",""topics.shot"":""Werner"",""topics.subject"":""intro"",""warnings.predation"":false,""warnings.procreation"":false,""warnings.threat"":false}",1002,10
chapter001,1003,"{""Speaker"":[""Werner Bleisteiner""],""segment"":"""",""topics.primary"":""intro"",""topics.secondary"":"""",""topics.shot"":""Werner"",""topics.subject"":""intro"",""warnings.predation"":false,""warnings.procreation"":false,""warnings.threat"":false}",1126,3
chapter001,1127,"{""Speaker"":[""Johan Bolin""],""segment"":"""",""topics.primary"":""intro"",""topics.secondary"":"""",""topics.shot"":""Lucas"",""topics.subject"":""intro"",""warnings.predation"":false,""warnings.procreation"":false,""warnings.threat"":false}",1243,10
chapter001,1244,"{""Speaker"":[""Johan Bolin""],""segment"":"""",""topics.primary"":""Next Gen Audio"",""topics.secondary"":"""",""topics.shot"":""Lucas"",""topics.subject"":""Next Gen Audio"",""warnings.predation"":false,""warnings.procreation"":false,""warnings.threat"":false}",1492,3
chapter001,1493,"{""Speaker"":[""Lucas Zwicker""],""segment"":"""",""topics.primary"":""Next Gen Audio"",""topics.secondary"":"""",""topics.shot"":""Rosanna"",""topics.subject"":""Next Gen Audio"",""warnings.predation"":false,""warnings.procreation"":false,""warnings.threat"":false}",1653,10
chapter001,1654,"{""Speaker"":[""Lucas Zwicker""],""segment"":"""",""topics.primary"":""Next Gen Audio"",""topics.secondary"":"""",""topics.shot"":""Rosanna"",""topics.subject"":""Next Gen Audio"",""warnings.predation"":false,""warnings.procreation"":false,""warnings.threat"":false}",1777,3
chapter001,1778,"{""Speaker"":[""Rosana Prada""],""segment"":"""",""topics.primary"":""Next Gen Audio"",""topics.secondary"":"""",""topics.shot"":""Rosanna"",""topics.subject"":""Next Gen Audio"",""warnings.predation"":false,""warnings.procreation"":false,""warnings.threat"":false}",1814,3
chapter001,1815,"{""Speaker"":[""Rosana Prada""],""segment"":"""",""topics.primary"":""Next Gen Audio"",""topics.secondary"":"""",""topics.shot"":""Rosanna"",""topics.subject"":""Next Gen Audio"",""warnings.predation"":false,""warnings.procreation"":false,""warnings.threat"":false}",1928,10
chapter002,1929,"{""Speaker"":[""Rosana Prada""],""segment"":"""",""topics.primary"":""Next Gen Audio"",""topics.secondary"":""tpoic"",""topics.shot"":""Rosanna"",""topics.subject"":""Next Gen Audio"",""warnings.predation"":false,""warnings.procreation"":false,""warnings.threat"":false}",2347,3
chapter002,2348,"{""Speaker"":[""Rosana Prada""],""segment"":"""",""topics.primary"":""Next Gen Audio"",""topics.secondary"":""what is it"",""topics.shot"":""Rosanna"",""topics.subject"":""Next Gen Audio"",""warnings.predation"":false,""warnings.procreation"":false,""warnings.threat"":false}",2425,3
chapter002,2426,"{""Speaker"":[""Rosana Prada"",""Elfed Howell""],""segment"":"""",""topics.primary"":""Next Gen Audio"",""topics.secondary"":""immersive"",""topics.shot"":""Rosanna"",""topics.subject"":""Next Gen Audio"",""warnings.predation"":false,""warnings.procreation"":false,""warnings.threat"":false}",2977,10
chapter002,2978,"{""Speaker"":[""Elfed Howell""],""segment"":"""",""topics.primary"":""Next Gen Audio"",""topics.secondary"":""immersive"",""topics.shot"":""Elfed"",""topics.subject"":""Next Gen Audio"",""warnings.predation"":false,""warnings.procreation"":false,""warnings.threat"":false}",3144,6
chapter002,3145,"{""Speaker"":[""Elfed Howell""],""segment"":"""",""topics.primary"":""Next Gen Audio"",""topics.secondary"":""personalisation"",""topics.shot"":""Elfed"",""topics.subject"":""Next Gen Audio"",""warnings.predation"":false,""warnings.procreation"":false,""warnings.threat"":false}",3374,10
chapter002,3375,"{""Speaker"":[""Elfed Howell""],""segment"":"""",""topics.primary"":""Next Gen Audio"",""topics.secondary"":""personalisation"",""topics.shot"":""Elfed"",""topics.subject"":""Next Gen Audio"",""warnings.predation"":false,""warnings.procreation"":false,""warnings.threat"":false}",3439,6
chapter002,3440,"{""Speaker"":[""Elfed Howell""],""segment"":"""",""topics.primary"":""Next Gen Audio"",""topics.secondary"":""adaptive"",""topics.shot"":""Elfed"",""topics.subject"":""Next Gen Audio"",""warnings.predation"":false,""warnings.procreation"":false,""warnings.threat"":false}",3832,10
chapter002,3833,"{""Speaker"":[""Elfed Howell""],""segment"":"""",""topics.primary"":""Next Gen Audio"",""topics.secondary"":""adaptive"",""topics.shot"":""Elfed"",""topics.subject"":""Next Gen Audio"",""warnings.predation"":false,""warnings.procreation"":false,""warnings.threat"":false}",4152,6
chapter002,4153,"{""Speaker"":[""Elfed Howell""],""segment"":"""",""topics.primary"":""Next Gen Audio"",""topics.secondary"":""accessibility"",""topics.shot"":""Elfed"",""topics.subject"":""Next Gen Audio"",""warnings.predation"":false,""warnings.procreation"":false,""warnings.threat"":false}",4258,10
chapter002,4259,"{""Speaker"":[""Elfed Howell""],""segment"":"""",""topics.primary"":""Next Gen Audio"",""topics.secondary"":""accessibility"",""topics.shot"":""Elfed"",""topics.subject"":""Next Gen Audio"",""warnings.predation"":false,""warnings.procreation"":false,""warnings.threat"":false}",4454,6
chapter002,4455,"{""Speaker"":[""Elfed Howell""],""segment"":"""",""topics.primary"":""Next Gen Audio"",""topics.secondary"":""accessibility"",""topics.shot"":""Elfed"",""topics.subject"":""Next Gen Audio"",""warnings.predation"":false,""warnings.procreation"":false,""warnings.threat"":false}",5058,3
chapter002,5059,"{""Speaker"":[""Rosana Prada"",""Elfed Howell""],""segment"":"""",""topics.primary"":""Next Gen Audio"",""topics.secondary"":""adoption"",""topics.shot"":""Elfed"",""topics.subject"":""Next Gen Audio"",""warnings.predation"":false,""warnings.procreation"":false,""warnings.threat"":false}",5145,6
chapter002,5146,"{""Speaker"":[""Elfed Howell""],""segment"":"""",""topics.primary"":""Next Gen Audio"",""topics.secondary"":""adoption"",""topics.shot"":""Elfed"",""topics.subject"":""Next Gen Audio"",""warnings.predation"":false,""warnings.procreation"":false,""warnings.threat"":false}",5348,3
chapter002,5349,"{""Speaker"":[""Elfed Howell""],""segment"":"""",""topics.primary"":""Next Gen Audio"",""topics.secondary"":""adoption-device"",""topics.shot"":""Elfed"",""topics.subject"":""Next Gen Audio"",""warnings.predation"":false,""warnings.procreation"":false,""warnings.threat"":false}",5611,10
chapter002,5612,"{""Speaker"":[""Elfed Howell""],""segment"":"""",""topics.primary"":""Next Gen Audio"",""topics.secondary"":""adoption-device"",""topics.shot"":""Elfed"",""topics.subject"":""Next Gen Audio"",""warnings.predation"":false,""warnings.procreation"":false,""warnings.threat"":false}",6034,6
chapter002,6035,"{""Speaker"":[""Elfed Howell""],""segment"":"""",""topics.primary"":""Next Gen Audio"",""topics.secondary"":""adoption-device"",""topics.shot"":""Elfed"",""topics.subject"":""Next Gen Audio"",""warnings.predation"":false,""warnings.procreation"":false,""warnings.threat"":false}",6429,3
chapter002,6430,"{""Speaker"":[""Elfed Howell""],""segment"":"""",""topics.primary"":""Next Gen Audio"",""topics.secondary"":""adoption-content"",""topics.shot"":""Elfed"",""topics.subject"":""Next Gen Audio"",""warnings.predation"":false,""warnings.procreation"":false,""warnings.threat"":false}",6880,10
chapter002,6881,"{""Speaker"":[""Elfed Howell""],""segment"":"""",""topics.primary"":""Next Gen Audio"",""topics.secondary"":""adoption-content"",""topics.shot"":""Elfed"",""topics.subject"":""Next Gen Audio"",""warnings.predation"":false,""warnings.procreation"":false,""warnings.threat"":false}",7111,6
chapter002,7112,"{""Speaker"":[""Elfed Howell""],""segment"":"""",""topics.primary"":""Next Gen Audio"",""topics.secondary"":""adoption-content"",""topics.shot"":""Elfed"",""topics.subject"":""Next Gen Audio"",""warnings.predation"":false,""warnings.procreation"":false,""warnings.threat"":false}",7539,3
chapter002,7540,"{""Speaker"":[""Rosana Prada"",""Elfed Howell""],""segment"":"""",""topics.primary"":""Next Gen Audio"",""topics.secondary"":""industry status"",""topics.shot"":""group"",""topics.subject"":""Next Gen Audio"",""warnings.predation"":false,""warnings.procreation"":false,""warnings.threat"":false}",9104,3
chapter002,9105,"{""Speaker"":[""Rosana Prada""],""segment"":"""",""topics.primary"":""Next Gen Audio"",""topics.secondary"":""consumer use"",""topics.shot"":""group"",""topics.subject"":""Next Gen Audio"",""warnings.predation"":false,""warnings.procreation"":false,""warnings.threat"":false}",9926,3
chapter002,9927,"{""Speaker"":[""Elfed Howell""],""segment"":"""",""topics.primary"":""Next Gen Audio"",""topics.secondary"":""consumer use"",""topics.shot"":""group"",""topics.subject"":""Next Gen Audio"",""warnings.predation"":false,""warnings.procreation"":false,""warnings.threat"":false}",12494,3
chapter002,12495,"{""Speaker"":[""Rosana Prada""],""segment"":"""",""topics.primary"":""Next Gen Audio"",""topics.secondary"":""orpheus project"",""topics.shot"":""group"",""topics.subject"":""Orpheus"",""warnings.predation"":false,""warnings.procreation"":false,""warnings.threat"":false}",12886,6
chapter002,12887,"{""Speaker"":[""Werner Bleisteiner""],""segment"":"""",""topics.primary"":""Next Gen Audio"",""topics.secondary"":""orpheus project"",""topics.shot"":""group"",""topics.subject"":""Orpheus"",""warnings.predation"":false,""warnings.procreation"":false,""warnings.threat"":false}",13792,10
chapter002,13793,"{""Speaker"":[""Werner Bleisteiner""],""segment"":"""",""topics.primary"":""Next Gen Audio"",""topics.secondary"":""orpheus project"",""topics.shot"":""group"",""topics.subject"":""Orpheus"",""warnings.predation"":false,""warnings.procreation"":false,""warnings.threat"":false}",14336,3
chapter002,14337,"{""Speaker"":[""Rosana Prada""],""segment"":"""",""topics.primary"":""Next Gen Audio"",""topics.secondary"":""swiss football"",""topics.shot"":""group"",""topics.subject"":""live sport"",""warnings.predation"":false,""warnings.procreation"":false,""warnings.threat"":false}",19303,3
chapter002,19304,"{""Speaker"":[""Werner Bleisteiner""],""segment"":"""",""topics.primary"":""Next Gen Audio"",""topics.secondary"":""swiss football"",""topics.shot"":""group"",""topics.subject"":""live sport"",""warnings.predation"":false,""warnings.procreation"":false,""warnings.threat"":false}",19468,3
chapter002,19469,"{""Speaker"":[""Rosana Prada""],""segment"":"""",""topics.primary"":""Next Gen Audio"",""topics.secondary"":""swiss football"",""topics.shot"":""group"",""topics.subject"":""live sport"",""warnings.predation"":false,""warnings.procreation"":false,""warnings.threat"":false}",21964,3
chapter002,21965,"{""Speaker"":[""Werner Bleisteiner""],""segment"":"""",""topics.primary"":""Next Gen Audio"",""topics.secondary"":""what is needed"",""topics.shot"":""group"",""topics.subject"":""tooling"",""warnings.predation"":false,""warnings.procreation"":false,""warnings.threat"":false}",22119,6
chapter002,22120,"{""Speaker"":[""Rosana Prada""],""segment"":"""",""topics.primary"":""Next Gen Audio"",""topics.secondary"":""what is needed"",""topics.shot"":""group"",""topics.subject"":""tooling"",""warnings.predation"":false,""warnings.procreation"":false,""warnings.threat"":false}",22354,6
chapter002,22355,"{""Speaker"":[""Werner Bleisteiner""],""segment"":"""",""topics.primary"":""Next Gen Audio"",""topics.secondary"":""what is needed"",""topics.shot"":""group"",""topics.subject"":""tooling"",""warnings.predation"":false,""warnings.procreation"":false,""warnings.threat"":false}",23494,3
chapter002,23495,"{""Speaker"":[""Elfed Howell"",""Werner Bleisteiner""],""segment"":"""",""topics.primary"":""Next Gen Audio"",""topics.secondary"":""what is needed"",""topics.shot"":""group"",""topics.subject"":""tooling"",""warnings.predation"":false,""warnings.procreation"":false,""warnings.threat"":false}",24234,3
chapter002,24235,"{""Speaker"":[""Rosana Prada""],""segment"":"""",""topics.primary"":""Next Gen Audio"",""topics.secondary"":""adm \u0026 Sadm"",""topics.shot"":""group"",""topics.subject"":""adm"",""warnings.predation"":false,""warnings.procreation"":false,""warnings.threat"":false}",24438,10
chapter002,24439,"{""Speaker"":[""Werner Bleisteiner""],""segment"":"""",""topics.primary"":""Next Gen Audio"",""topics.secondary"":""adm \u0026 Sadm"",""topics.shot"":""group"",""topics.subject"":""adm"",""warnings.predation"":false,""warnings.procreation"":false,""warnings.threat"":false}",24589,2
chapter002,24600,"{""Speaker"":[""Werner Bleisteiner""],""segment"":"""",""topics.primary"":""Next Gen Audio"",""topics.secondary"":""adm \u0026 Sadm"",""topics.shot"":""group"",""topics.subject"":""adm"",""warnings.predation"":false,""warnings.procreation"":false,""warnings.threat"":false}",24789,10
chapter002,24790,"{""Speaker"":[""Werner Bleisteiner""],""segment"":"""",""topics.primary"":""Next Gen Audio"",""topics.secondary"":""adm \u0026 Sadm"",""topics.shot"":""group"",""topics.subject"":""adm"",""warnings.predation"":false,""warnings.procreation"":false,""warnings.threat"":false}",25769,6
chapter002,25770,"{""Speaker"":[""Elfed Howell""],""segment"":"""",""topics.primary"":""Next Gen Audio"",""topics.secondary"":""adm \u0026 Sadm"",""topics.shot"":""group"",""topics.subject"":""adm"",""warnings.predation"":false,""warnings.procreation"":false,""warnings.threat"":false}",26926,3
chapter002,26927,"{""Speaker"":[""Rosana Prada""],""segment"":"""",""topics.primary"":""Next Gen Audio"",""topics.secondary"":""do users want it"",""topics.shot"":""group"",""topics.subject"":""adm"",""warnings.predation"":false,""warnings.procreation"":false,""warnings.threat"":false}",27148,3
chapter002,27149,"{""Speaker"":[""Elfed Howell""],""segment"":"""",""topics.primary"":""Next Gen Audio"",""topics.secondary"":""do users want it"",""topics.shot"":""group"",""topics.subject"":""adm"",""warnings.predation"":false,""warnings.procreation"":false,""warnings.threat"":false}",29839,3
chapter002,29840,"{""Speaker"":[""Rosana Prada""],""segment"":"""",""topics.primary"":""Next Gen Audio"",""topics.secondary"":""personaliszation"",""topics.shot"":""group"",""topics.subject"":""adm"",""warnings.predation"":false,""warnings.procreation"":false,""warnings.threat"":false}",30504,3
chapter002,30505,"{""Speaker"":[""Elfed Howell""],""segment"":"""",""topics.primary"":""Next Gen Audio"",""topics.secondary"":""personaliszation"",""topics.shot"":""group"",""topics.subject"":""adm"",""warnings.predation"":false,""warnings.procreation"":false,""warnings.threat"":false}",32668,3
chapter002,32669,"{""Speaker"":[""Rosana Prada""],""segment"":"""",""topics.primary"":""Next Gen Audio"",""topics.secondary"":""creatores perspective"",""topics.shot"":""group"",""topics.subject"":""adm"",""warnings.predation"":false,""warnings.procreation"":false,""warnings.threat"":false}",33689,3
chapter002,33690,"{""Speaker"":[""Werner Bleisteiner""],""segment"":"""",""topics.primary"":""Next Gen Audio"",""topics.secondary"":""creatores perspective"",""topics.shot"":""group"",""topics.subject"":""adm"",""warnings.predation"":false,""warnings.procreation"":false,""warnings.threat"":false}",35007,3
chapter002,35008,"{""Speaker"":[""Rosana Prada""],""segment"":"""",""topics.primary"":""Next Gen Audio"",""topics.secondary"":""mixing in the cloud"",""topics.shot"":""group"",""topics.subject"":""adm"",""warnings.predation"":false,""warnings.procreation"":false,""warnings.threat"":false}",36370,3
chapter002,36371,"{""Speaker"":[""Johan Bolin""],""segment"":"""",""topics.primary"":""Next Gen Audio"",""topics.secondary"":""mixing in the cloud"",""topics.shot"":""group"",""topics.subject"":""adm"",""warnings.predation"":false,""warnings.procreation"":false,""warnings.threat"":false}",43681,3
chapter002,43682,"{""Speaker"":[""Rosana Prada""],""segment"":"""",""topics.primary"":""Next Gen Audio"",""topics.secondary"":""timing \u0026 clocking"",""topics.shot"":""group"",""topics.subject"":""adm"",""warnings.predation"":false,""warnings.procreation"":false,""warnings.threat"":false}",43799,3
chapter002,43800,"{""Speaker"":[""Johan Bolin""],""segment"":"""",""topics.primary"":""Next Gen Audio"",""topics.secondary"":""timing \u0026 clocking"",""topics.shot"":""group"",""topics.subject"":""adm"",""warnings.predation"":false,""warnings.procreation"":false,""warnings.threat"":false}",44710,3
chapter002,44711,"{""Speaker"":[""Rosana Prada""],""segment"":"""",""topics.primary"":""Next Gen Audio"",""topics.secondary"":""cloud"",""topics.shot"":""group"",""topics.subject"":""adm"",""warnings.predation"":false,""warnings.procreation"":false,""warnings.threat"":false}",44993,3
chapter002,44994,"{""Speaker"":[""Lucas Zwicker""],""segment"":"""",""topics.primary"":""Next Gen Audio"",""topics.secondary"":""cloud"",""topics.shot"":""group"",""topics.subject"":""adm"",""warnings.predation"":false,""warnings.procreation"":false,""warnings.threat"":false}",50013,3
chapter002,50014,"{""Speaker"":[""Rosana Prada""],""segment"":"""",""topics.primary"":""Next Gen Audio"",""topics.secondary"":""cloud tech challenges"",""topics.shot"":""group"",""topics.subject"":""adm"",""warnings.predation"":false,""warnings.procreation"":false,""warnings.threat"":false}",50222,3
chapter002,50223,"{""Speaker"":[""Lucas Zwicker""],""segment"":"""",""topics.primary"":""Next Gen Audio"",""topics.secondary"":""cloud tech challenges"",""topics.shot"":""group"",""topics.subject"":""adm"",""warnings.predation"":false,""warnings.procreation"":false,""warnings.threat"":false}",53638,3
chapter002,53639,"{""Speaker"":[""Rosana Prada""],""segment"":"""",""topics.primary"":""Next Gen Audio"",""topics.secondary"":""beyond cloud"",""topics.shot"":""group"",""topics.subject"":""adm"",""warnings.predation"":false,""warnings.procreation"":false,""warnings.threat"":false}",53873,3
chapter002,53874,"{""Speaker"":[""Lucas Zwicker""],""segment"":"""",""topics.primary"":""Next Gen Audio"",""topics.secondary"":""beyond cloud"",""topics.shot"":""group"",""topics.subject"":""adm"",""warnings.predation"":false,""warnings.procreation"":false,""warnings.threat"":false}",55126,3
chapter002,55127,"{""Speaker"":[""Johan Bolin""],""segment"":"""",""topics.primary"":""Next Gen Audio"",""topics.secondary"":""beyond cloud"",""topics.shot"":""group"",""topics.subject"":""adm"",""warnings.predation"":false,""warnings.procreation"":false,""warnings.threat"":false}",58550,3
chapter002,58551,"{""Speaker"":[""Elfed Howell""],""segment"":"""",""topics.primary"":""Next Gen Audio"",""topics.secondary"":""beyond cloud"",""topics.shot"":""group"",""topics.subject"":""adm"",""warnings.predation"":false,""warnings.procreation"":false,""warnings.threat"":false}",60055,3
chapter002,60056,"{""segment"":"""",""topics.Audience_Question"":""deutche telekom"",""topics.primary"":""Next Gen Audio"",""topics.secondary"":""too much automation"",""topics.shot"":""group"",""topics.subject"":""adm"",""warnings.predation"":false,""warnings.procreation"":false,""warnings.threat"":false}",60530,3
chapter002,60531,"{""Speaker"":[""Rosana Prada""],""segment"":"""",""topics.primary"":""Next Gen Audio"",""topics.secondary"":""ml/ai"",""topics.shot"":""group"",""topics.subject"":""adm"",""warnings.predation"":false,""warnings.procreation"":false,""warnings.threat"":false}",60696,3
chapter002,60697,"{""Speaker"":[""Elfed Howell""],""segment"":"""",""topics.primary"":""Next Gen Audio"",""topics.secondary"":""ml/ai"",""topics.shot"":""group"",""topics.subject"":""adm"",""warnings.predation"":false,""warnings.procreation"":false,""warnings.threat"":false}",62092,3
chapter002,62093,"{""Speaker"":[""Elfed Howell""],""segment"":"""",""topics.Audience_Question"":""deutche telekom"",""topics.primary"":""Next Gen Audio"",""topics.secondary"":""consumers"",""topics.shot"":""group"",""topics.subject"":""adm"",""warnings.predation"":false,""warnings.procreation"":false,""warnings.threat"":false}",62950,3
chapter002,62951,"{""Speaker"":[""Werner Bleisteiner""],""segment"":"""",""topics.primary"":""Next Gen Audio"",""topics.secondary"":""consumers"",""topics.shot"":""group"",""topics.subject"":""adm"",""warnings.predation"":false,""warnings.procreation"":false,""warnings.threat"":false}",63651,3
chapter002,63652,"{""segment"":"""",""topics.primary"":""Next Gen Audio"",""topics.secondary"":""gap"",""topics.shot"":""group"",""topics.subject"":""adm"",""warnings.predation"":false,""warnings.procreation"":false,""warnings.threat"":false}",64073,3
chapter002,64074,"{""Speaker"":[""Elfed Howell""],""segment"":"""",""topics.Audience_Question"":""anonymous"",""topics.primary"":""Next Gen Audio"",""topics.secondary"":""codecs"",""topics.shot"":""group"",""topics.subject"":""adm"",""warnings.predation"":false,""warnings.procreation"":false,""warnings.threat"":false}",66116,3
chapter002,66117,"{""Speaker"":[""Elfed Howell""],""segment"":"""",""topics.Audience_Question"":""anonymous"",""topics.primary"":""Next Gen Audio"",""topics.secondary"":""environment-adaptation"",""topics.shot"":""group"",""topics.subject"":""adm"",""warnings.predation"":false,""warnings.procreation"":false,""warnings.threat"":false}",67893,3
chapter002,67894,"{""Speaker"":[""Werner Bleisteiner""],""segment"":"""",""topics.primary"":""Next Gen Audio"",""topics.secondary"":""environment-adaptation"",""topics.shot"":""group"",""topics.subject"":""adm"",""warnings.predation"":false,""warnings.procreation"":false,""warnings.threat"":false}",68325,3
chapter002,68326,"{""Speaker"":[""Rosana Prada""],""segment"":"""",""topics.primary"":""Next Gen Audio"",""topics.secondary"":""loudness"",""topics.shot"":""group"",""topics.subject"":""adm"",""warnings.predation"":false,""warnings.procreation"":false,""warnings.threat"":false}",68533,3
chapter002,68534,"{""Speaker"":[""Elfed Howell""],""segment"":"""",""topics.primary"":""Next Gen Audio"",""topics.secondary"":""loudness"",""topics.shot"":""group"",""topics.subject"":""adm"",""warnings.predation"":false,""warnings.procreation"":false,""warnings.threat"":false}",69485,3
chapter002,69486,"{""Speaker"":[""Werner Bleisteiner""],""segment"":"""",""topics.primary"":""Next Gen Audio"",""topics.secondary"":""loudness"",""topics.shot"":""group"",""topics.subject"":""adm"",""warnings.predation"":false,""warnings.procreation"":false,""warnings.threat"":false}",69741,3
chapter002,69742,"{""Speaker"":[""Elfed Howell""],""segment"":"""",""topics.primary"":""Next Gen Audio"",""topics.secondary"":""loudness"",""topics.shot"":""group"",""topics.subject"":""adm"",""warnings.predation"":false,""warnings.procreation"":false,""warnings.threat"":false}",70373,3
chapter002,70374,"{""Speaker"":[""Rosana Prada""],""segment"":"""",""topics.primary"":""Next Gen Audio"",""topics.secondary"":""loudness"",""topics.shot"":""group"",""topics.subject"":""wrap up"",""warnings.predation"":false,""warnings.procreation"":false,""warnings.threat"":false}",70626,10
chapter002,70627,"{""segment"":"""",""topics.primary"":""Next Gen Audio"",""topics.secondary"":""loudness"",""topics.shot"":""logo"",""topics.subject"":""close"",""warnings.predation"":false,""warnings.procreation"":false,""warnings.threat"":false}",70807,10
chapter002,70808,"{""segment"":"""",""topics.primary"":""Next Gen Audio"",""topics.secondary"":""loudness"",""topics.shot"":""logo"",""topics.subject"":""close"",""warnings.predation"":false,""warnings.procreation"":false,""warnings.threat"":false}",70808,10
