<newsItem xmlns="http://iptc.org/std/nar/2006-10-01/" guid="" version="11" standard="NewsML-G2" standardversion="2.24">
    <rightsInfo>
        <copyrightHolder uri="">
            <name>NTB</name>
        </copyrightHolder>
        <copyrightNotice></copyrightNotice>
    </rightsInfo>
    <itemMeta>
        <itemClass></itemClass>
        <provider uri="urn:8d19cf88-b3ab-4972-8fec-1207599f2872"></provider>
        <versionCreated>2019-08-09T09:46:53Z</versionCreated>
        <pubStatus qcode="stat:usable"></pubStatus>
    </itemMeta>
    <contentMeta>
        <contentModified>2019-08-09T09:46:53Z</contentModified>
        <located>
            <name></name>
        </located>
        <creator uri="">
            <name></name>
        </creator>
        <infoSource>
            <name></name>
        </infoSource>
        <language tag="nb-NO"></language>
        <subject>
            <name>Innenriks</name>
        </subject>
        <subject>
            <name>Teknologi</name>
        </subject>
        <subject>
            <name>Industri</name>
        </subject>
        <subject>
            <name>Olje og energi</name>
        </subject>
        <slugline>skien-google</slugline>
        <headline></headline>
    </contentMeta>
    <contentSet>
        <inlineXML contenttype="application/nitf+xml">
            <nitf>
                <body>
                    <body.head>
                        <hedline>
                            <hl1>Google har kjøpt giganttomt i Skien</hl1>
                        </hedline>
                    </body.head>
                    <body.content>
                        <p>IT-giganten Google har kjøpt en tomt på nærmere 2.000 mål i Skien i tilfelle det blir behov for flere datasentre i Europa. </p>
                    </body.content>
                </body>
            </nitf>
        </inlineXML>
    </contentSet>
</newsItem>