{
    "title": "# Italy: Italy Demonstration of the workers congresses and conferences",
    "shortSummary": "Demonstration of the workers of congresses and conferences against he measures taken by the Government that closed all the sporting centers to contrast the Covid-19 emergency.\nRome (Italy), October 27th 2020\nPhoto Samantha Zucchi /Insidefoto/Sipa USA)",
    "slug": ""
}